// Jest Snapshot v1, https://goo.gl/fbAQLP

exports[`ModalTrigger PureComponent matches snapshot 1`] = `
<Button
  as="button"
>
  Open my modal
</Button>
`;

exports[`ModalTrigger PureComponent matches snapshot with custom wrapping component 1`] = `
<MenuItem>
  Open my modal
</MenuItem>
`;
