// Jest Snapshot v1, https://goo.gl/fbAQLP

exports[`GlobalNotification PureComponent matches snapshot 1`] = `
<styled.div>
  <Connect(NotificationList)
    id="APPLICATION"
  />
</styled.div>
`;
