// Jest Snapshot v1, https://goo.gl/fbAQLP

exports[`RegistrationFormContainer Form matches snapshot 1`] = `
<Connect(Form(RegistrationForm))
  destroyOnUnmount={true}
  enableReinitialize={false}
  forceUnregisterOnUnmount={false}
  form="REGISTRATION"
  getFormState={[Function]}
  keepDirtyOnReinitialize={false}
  persistentSubmitErrors={false}
  pure={true}
  shouldAsyncValidate={[Function]}
  shouldError={[Function]}
  shouldValidate={[Function]}
  shouldWarn={[Function]}
  touchOnBlur={true}
  touchOnChange={false}
  updateUnregisteredFields={false}
/>
`;

exports[`RegistrationFormContainer connected component matches snapshot 1`] = `<Connect(ReduxForm) />`;
