// Jest Snapshot v1, https://goo.gl/fbAQLP

exports[`NotificationContainer connected component matches snapshot 1`] = `
<Provider
  store={
    Object {
      "clearActions": [Function],
      "dispatch": [Function],
      "getActions": [Function],
      "getState": [Function],
      "replaceReducer": [Function],
      "subscribe": [Function],
    }
  }
>
  <Connect(NotificationList)
    id="APPLICATION"
  >
    <NotificationList
      destroy={[Function]}
      id="APPLICATION"
      notifications={
        Immutable.List [
        ]
      }
      notifySuccess={[Function]}
    >
      <noscript />
    </NotificationList>
  </Connect(NotificationList)>
</Provider>
`;
