// Jest Snapshot v1, https://goo.gl/fbAQLP

exports[`ModalsContainer PureComponent matches snapshot 1`] = `
<div
  className="modals"
>
  <LoginModal
    close={[Function]}
  />
  <RegistrationFormModal
    close={[Function]}
  />
  <ConfirmationModal
    close={[Function]}
  />
  <ResendConfirmationModal
    close={[Function]}
  />
  <ForgotPasswordModal
    close={[Function]}
  />
  <ResetPasswordModal
    close={[Function]}
  />
</div>
`;
