// Jest Snapshot v1, https://goo.gl/fbAQLP

exports[`ConfirmationModal matches snapshot 1`] = `
<AuthenticationModal
  close={[Function]}
  title="Confirm your account"
>
  <Connect(ReduxForm)
    close={[Function]}
  />
</AuthenticationModal>
`;
