// Jest Snapshot v1, https://goo.gl/fbAQLP

exports[`ConfirmationForm matches component snapshot 1`] = `
<div
  className="confirmation-form"
>
  <Form
    as="form"
    size="large"
  >
    <Field
      component={[Function]}
      fluid={true}
      name="confirmationToken"
      placeholder="Confirmation code"
      validate={
        Array [
          [Function],
        ]
      }
    />
    <Field
      component={[Function]}
      fluid={true}
      icon="mail"
      iconPosition="left"
      name="email"
      placeholder="Email"
      validate={
        Array [
          [Function],
          [Function],
        ]
      }
    />
    <Field
      component={[Function]}
      fluid={true}
      icon="lock"
      iconPosition="left"
      name="password"
      placeholder="Password"
      type="password"
      validate={
        Array [
          [Function],
        ]
      }
    />
    <Button
      as="button"
      color="teal"
      disabled={true}
      fluid={true}
      role="button"
      type="submit"
    >
      Submit
    </Button>
  </Form>
</div>
`;
