// Jest Snapshot v1, https://goo.gl/fbAQLP

exports[`ForgotPasswordModal matches snapshot 1`] = `
<AuthenticationModal
  close={[Function]}
  title="Forgot your password"
>
  <Connect(ReduxForm)
    close={[Function]}
  />
  <AuthenticationLinks
    exclude={
      Array [
        "FORGOT_PASSWORD",
      ]
    }
  />
</AuthenticationModal>
`;
