// Jest Snapshot v1, https://goo.gl/fbAQLP

exports[`LoginModal matches snapshot 1`] = `
<AuthenticationModal
  close={[Function]}
  title="Login"
>
  <Connect(ReduxForm)
    close={[Function]}
  />
  <AuthenticationLinks />
</AuthenticationModal>
`;
